package: name='net.plainnotes.app' versionCode='25' versionName='0.2.0' platformBuildVersionName='17' platformBuildVersionCode='37' compileSdkVersion='37' compileSdkVersionCodename='17'
minSdkVersion:'26'
targetSdkVersion:'37'
uses-permission: name='android.permission.RECEIVE_BOOT_COMPLETED'
uses-permission: name='android.permission.SCHEDULE_EXACT_ALARM'
uses-permission: name='android.permission.POST_NOTIFICATIONS'
uses-permission: name='android.permission.USE_BIOMETRIC'
uses-permission: name='android.permission.USE_FINGERPRINT'
uses-permission: name='android.permission.WAKE_LOCK'
uses-permission: name='android.permission.ACCESS_NETWORK_STATE'
uses-permission: name='android.permission.FOREGROUND_SERVICE'
uses-permission: name='net.plainnotes.app.DYNAMIC_RECEIVER_NOT_EXPORTED_PERMISSION'
application-label:'HRT Log'
application-label-af:'HRT Log'
application-label-am:'HRT Log'
application-label-ar:'HRT Log'
application-label-as:'HRT Log'
application-label-az:'HRT Log'
application-label-be:'HRT Log'
application-label-bg:'HRT Log'
application-label-bn:'HRT Log'
application-label-bs:'HRT Log'
application-label-ca:'HRT Log'
application-label-cs:'HRT Log'
application-label-da:'HRT Log'
application-label-de:'HRT Log'
application-label-el:'HRT Log'
application-label-en-AU:'HRT Log'
application-label-en-CA:'HRT Log'
application-label-en-GB:'HRT Log'
application-label-en-IN:'HRT Log'
application-label-en-XC:'HRT Log'
application-label-es:'HRT Log'
application-label-es-US:'HRT Log'
application-label-et:'HRT Log'
application-label-eu:'HRT Log'
application-label-fa:'HRT Log'
application-label-fi:'HRT Log'
application-label-fr:'HRT Log'
application-label-fr-CA:'HRT Log'
application-label-gl:'HRT Log'
application-label-gu:'HRT Log'
application-label-hi:'HRT Log'
application-label-hr:'HRT Log'
application-label-hu:'HRT Log'
application-label-hy:'HRT Log'
application-label-in:'HRT Log'
application-label-is:'HRT Log'
application-label-it:'HRT Log'
application-label-iw:'HRT Log'
application-label-ja:'HRT Log'
application-label-ka:'HRT Log'
application-label-kk:'HRT Log'
application-label-km:'HRT Log'
application-label-kn:'HRT Log'
application-label-ko:'HRT Log'
application-label-ky:'HRT Log'
application-label-lo:'HRT Log'
application-label-lt:'HRT Log'
application-label-lv:'HRT Log'
application-label-mk:'HRT Log'
application-label-ml:'HRT Log'
application-label-mn:'HRT Log'
application-label-mr:'HRT Log'
application-label-ms:'HRT Log'
application-label-my:'HRT Log'
application-label-nb:'HRT Log'
application-label-ne:'HRT Log'
application-label-nl:'HRT Log'
application-label-or:'HRT Log'
application-label-pa:'HRT Log'
application-label-pl:'HRT Log'
application-label-pt:'HRT Log'
application-label-pt-BR:'HRT Log'
application-label-pt-PT:'HRT Log'
application-label-ro:'HRT Log'
application-label-ru:'HRT Log'
application-label-si:'HRT Log'
application-label-sk:'HRT Log'
application-label-sl:'HRT Log'
application-label-sq:'HRT Log'
application-label-sr:'HRT Log'
application-label-sr-Latn:'HRT Log'
application-label-sv:'HRT Log'
application-label-sw:'HRT Log'
application-label-ta:'HRT Log'
application-label-te:'HRT Log'
application-label-th:'HRT Log'
application-label-tl:'HRT Log'
application-label-tr:'HRT Log'
application-label-uk:'HRT Log'
application-label-ur:'HRT Log'
application-label-uz:'HRT Log'
application-label-vi:'HRT Log'
application-label-zh:'HRT 日志'
application-label-zh-CN:'HRT 日志'
application-label-zh-HK:'HRT 日誌'
application-label-zh-Hant:'HRT 日誌'
application-label-zh-TW:'HRT 日誌'
application-label-zu:'HRT Log'
application-icon-120:'res/BW.xml'
application-icon-160:'res/BW.xml'
application-icon-240:'res/BW.xml'
application-icon-320:'res/BW.xml'
application-icon-480:'res/BW.xml'
application-icon-640:'res/BW.xml'
application-icon-65534:'res/BW.xml'
application: label='HRT Log' icon='res/BW.xml'
feature-group: label=''
  uses-feature: name='android.hardware.faketouch'
  uses-implied-feature: name='android.hardware.faketouch' reason='default feature for all apps'
other-activities
other-receivers
other-services
supports-screens: 'small' 'normal' 'large' 'xlarge'
supports-any-density: 'true'
locales: '--_--' 'af' 'am' 'ar' 'as' 'az' 'be' 'bg' 'bn' 'bs' 'ca' 'cs' 'da' 'de' 'el' 'en-AU' 'en-CA' 'en-GB' 'en-IN' 'en-XC' 'es' 'es-US' 'et' 'eu' 'fa' 'fi' 'fr' 'fr-CA' 'gl' 'gu' 'hi' 'hr' 'hu' 'hy' 'in' 'is' 'it' 'iw' 'ja' 'ka' 'kk' 'km' 'kn' 'ko' 'ky' 'lo' 'lt' 'lv' 'mk' 'ml' 'mn' 'mr' 'ms' 'my' 'nb' 'ne' 'nl' 'or' 'pa' 'pl' 'pt' 'pt-BR' 'pt-PT' 'ro' 'ru' 'si' 'sk' 'sl' 'sq' 'sr' 'sr-Latn' 'sv' 'sw' 'ta' 'te' 'th' 'tl' 'tr' 'uk' 'ur' 'uz' 'vi' 'zh' 'zh-CN' 'zh-HK' 'zh-Hant' 'zh-TW' 'zu'
densities: '120' '160' '240' '320' '480' '640' '65534'
native-code: 'arm64-v8a' 'armeabi-v7a' 'x86' 'x86_64'
