Picked up JAVA_TOOL_OPTIONS: -Djavax.net.ssl.trustStore=/etc/ssl/certs/java/cacerts -Dhttps.proxyHost=proxy -Dhttps.proxyPort=8080 -Dhttp.proxyHost=proxy -Dhttp.proxyPort=8080
To honour the JVM settings for this build a single-use Daemon process will be forked. For more on this, please refer to https://docs.gradle.org/9.3.1/userguide/gradle_daemon.html#sec:disabling_the_daemon in the Gradle documentation.
Daemon will be stopped at the end of the build 

> Configure project :app
WARNING: The option setting 'android.builtInKotlin=false' is deprecated.
The current default is 'true'.
It will be removed in version 10.0 of the Android Gradle plugin.
WARNING: The option setting 'android.newDsl=false' is deprecated.
The current default is 'true'.
It will be removed in version 10.0 of the Android Gradle plugin.
Warning: SDK processing. This version only understands SDK XML versions up to 3 but an SDK XML file of version 4 was encountered. This can happen if you use versions of Android Studio and the command-line tools that were released at different times.

> Task :importer:checkKotlinGradlePluginConfigurationErrors SKIPPED
> Task :core:domain:checkKotlinGradlePluginConfigurationErrors SKIPPED
> Task :core:domain:compileKotlin UP-TO-DATE
> Task :core:domain:compileJava NO-SOURCE
> Task :core:domain:processResources NO-SOURCE
> Task :core:domain:classes UP-TO-DATE
> Task :core:domain:jar UP-TO-DATE
> Task :importer:compileKotlin UP-TO-DATE
> Task :importer:compileJava NO-SOURCE
> Task :importer:processResources NO-SOURCE
> Task :importer:classes UP-TO-DATE
> Task :importer:jar UP-TO-DATE
> Task :pk-engine:checkKotlinGradlePluginConfigurationErrors SKIPPED
> Task :pk-engine:compileKotlin UP-TO-DATE
> Task :pk-engine:compileJava NO-SOURCE
> Task :pk-engine:processResources UP-TO-DATE
> Task :pk-engine:classes UP-TO-DATE
> Task :pk-engine:jar UP-TO-DATE
> Task :app:preBuild UP-TO-DATE
> Task :app:preFullDebugBuild UP-TO-DATE
> Task :app:checkKotlinGradlePluginConfigurationErrors SKIPPED
> Task :app:generateFullDebugResources UP-TO-DATE
> Task :app:packageFullDebugResources UP-TO-DATE
> Task :core:data:preBuild UP-TO-DATE
> Task :core:data:preDebugBuild UP-TO-DATE
> Task :core:data:processDebugNavigationResources UP-TO-DATE
> Task :core:reminder:preBuild UP-TO-DATE
> Task :core:reminder:preDebugBuild UP-TO-DATE
> Task :core:reminder:processDebugNavigationResources UP-TO-DATE
> Task :core:ui:preBuild UP-TO-DATE
> Task :core:ui:preDebugBuild UP-TO-DATE
> Task :core:ui:processDebugNavigationResources UP-TO-DATE
> Task :app:processFullDebugNavigationResources UP-TO-DATE
> Task :app:parseFullDebugLocalResources UP-TO-DATE
> Task :app:generateFullDebugRFile UP-TO-DATE
> Task :core:data:generateDebugResources UP-TO-DATE
> Task :core:data:packageDebugResources UP-TO-DATE
> Task :core:data:parseDebugLocalResources UP-TO-DATE
> Task :core:data:generateDebugRFile UP-TO-DATE
> Task :core:data:checkKotlinGradlePluginConfigurationErrors SKIPPED
> Task :core:data:kspDebugKotlin UP-TO-DATE
> Task :core:data:compileDebugKotlin UP-TO-DATE
> Task :core:data:javaPreCompileDebug UP-TO-DATE
> Task :core:data:compileDebugJavaWithJavac UP-TO-DATE
> Task :core:data:transformDebugClassesWithAsm UP-TO-DATE
> Task :core:data:bundleLibCompileToJarDebug UP-TO-DATE
> Task :core:reminder:checkKotlinGradlePluginConfigurationErrors SKIPPED
> Task :core:reminder:generateDebugResources UP-TO-DATE
> Task :core:reminder:packageDebugResources UP-TO-DATE
> Task :core:reminder:parseDebugLocalResources UP-TO-DATE
> Task :core:reminder:generateDebugRFile UP-TO-DATE
> Task :core:reminder:kspDebugKotlin UP-TO-DATE
> Task :core:reminder:compileDebugKotlin UP-TO-DATE
> Task :core:reminder:javaPreCompileDebug UP-TO-DATE
> Task :core:reminder:compileDebugJavaWithJavac UP-TO-DATE
> Task :core:reminder:bundleLibCompileToJarDebug UP-TO-DATE
> Task :core:ui:checkKotlinGradlePluginConfigurationErrors SKIPPED
> Task :core:ui:generateDebugResources UP-TO-DATE
> Task :core:ui:packageDebugResources UP-TO-DATE
> Task :core:ui:parseDebugLocalResources UP-TO-DATE
> Task :core:ui:generateDebugRFile UP-TO-DATE
> Task :core:ui:compileDebugKotlin UP-TO-DATE
> Task :core:ui:javaPreCompileDebug UP-TO-DATE
> Task :core:ui:compileDebugJavaWithJavac NO-SOURCE
> Task :core:ui:bundleLibCompileToJarDebug UP-TO-DATE
> Task :app:kspFullDebugKotlin UP-TO-DATE
> Task :app:compileFullDebugKotlin UP-TO-DATE
> Task :app:javaPreCompileFullDebug UP-TO-DATE
> Task :app:compileFullDebugJavaWithJavac UP-TO-DATE
> Task :core:reminder:bundleLibRuntimeToJarDebug UP-TO-DATE
> Task :core:reminder:processDebugJavaRes UP-TO-DATE
> Task :core:reminder:createFullJarDebug UP-TO-DATE
> Task :core:data:bundleLibRuntimeToJarDebug UP-TO-DATE
> Task :core:data:processDebugJavaRes UP-TO-DATE
> Task :core:data:createFullJarDebug UP-TO-DATE
> Task :core:ui:bundleLibRuntimeToJarDebug UP-TO-DATE
> Task :core:ui:processDebugJavaRes UP-TO-DATE
> Task :core:ui:createFullJarDebug UP-TO-DATE
> Task :core:data:writeDebugAarMetadata UP-TO-DATE
> Task :app:hiltAggregateDepsFullDebug UP-TO-DATE
> Task :app:hiltJavaCompileFullDebug UP-TO-DATE
> Task :core:reminder:writeDebugAarMetadata UP-TO-DATE
> Task :core:ui:writeDebugAarMetadata UP-TO-DATE
> Task :app:checkFullDebugAarMetadata UP-TO-DATE
> Task :app:mapFullDebugSourceSetPaths UP-TO-DATE
> Task :app:compileFullDebugNavigationResources UP-TO-DATE
> Task :app:mergeFullDebugResources UP-TO-DATE
> Task :app:createFullDebugCompatibleScreenManifests UP-TO-DATE
> Task :app:extractDeepLinksFullDebug UP-TO-DATE
> Task :core:data:extractDeepLinksDebug UP-TO-DATE
> Task :core:data:processDebugManifest UP-TO-DATE
> Task :core:reminder:extractDeepLinksDebug UP-TO-DATE
> Task :core:reminder:processDebugManifest UP-TO-DATE
> Task :core:ui:extractDeepLinksDebug UP-TO-DATE
> Task :core:ui:processDebugManifest UP-TO-DATE
> Task :app:processFullDebugMainManifest UP-TO-DATE
> Task :app:processFullDebugManifest UP-TO-DATE
> Task :app:processFullDebugManifestForPackage UP-TO-DATE
> Task :core:data:mapDebugSourceSetPaths UP-TO-DATE
> Task :core:data:compileDebugLibraryResources UP-TO-DATE
> Task :core:reminder:mapDebugSourceSetPaths UP-TO-DATE
> Task :core:reminder:compileDebugLibraryResources UP-TO-DATE
> Task :core:ui:mapDebugSourceSetPaths UP-TO-DATE
> Task :core:ui:compileDebugLibraryResources UP-TO-DATE
> Task :app:processFullDebugResources UP-TO-DATE
> Task :app:transformFullDebugClassesWithAsm UP-TO-DATE
> Task :app:bundleFullDebugClassesToRuntimeJar UP-TO-DATE
> Task :app:generateFullDebugAssets UP-TO-DATE
> Task :core:data:generateDebugAssets UP-TO-DATE
> Task :core:data:mergeDebugAssets UP-TO-DATE
> Task :core:reminder:generateDebugAssets UP-TO-DATE
> Task :core:reminder:mergeDebugAssets UP-TO-DATE
> Task :core:ui:generateDebugAssets UP-TO-DATE
> Task :core:ui:mergeDebugAssets UP-TO-DATE
> Task :app:mergeFullDebugAssets UP-TO-DATE
> Task :app:preFullDebugUnitTestBuild UP-TO-DATE
> Task :app:packageFullDebugUnitTestForUnitTest UP-TO-DATE
> Task :app:processFullDebugUnitTestManifest UP-TO-DATE
> Task :app:generateFullDebugUnitTestConfig UP-TO-DATE
> Task :app:processFullDebugJavaRes UP-TO-DATE
> Task :app:bundleFullDebugClassesToCompileJar UP-TO-DATE
> Task :app:kspFullDebugUnitTestKotlin UP-TO-DATE
> Task :app:compileFullDebugUnitTestKotlin UP-TO-DATE
> Task :app:javaPreCompileFullDebugUnitTest UP-TO-DATE
> Task :app:compileFullDebugUnitTestJavaWithJavac NO-SOURCE
> Task :app:hiltAggregateDepsFullDebugUnitTest UP-TO-DATE
> Task :app:hiltJavaCompileFullDebugUnitTest NO-SOURCE
> Task :app:processFullDebugUnitTestJavaRes UP-TO-DATE
> Task :app:transformFullDebugUnitTestClassesWithAsm UP-TO-DATE

> Task :app:testFullDebugUnitTest
Picked up JAVA_TOOL_OPTIONS: -Djavax.net.ssl.trustStore=/etc/ssl/certs/java/cacerts -Dhttps.proxyHost=proxy -Dhttps.proxyPort=8080 -Dhttp.proxyHost=proxy -Dhttp.proxyPort=8080

BUILD SUCCESSFUL in 3m 35s
99 actionable tasks: 1 executed, 98 up-to-date
Consider enabling configuration cache to speed up this build: https://docs.gradle.org/9.3.1/userguide/configuration_cache_enabling.html
