Picked up JAVA_TOOL_OPTIONS: -Djavax.net.ssl.trustStore=/etc/ssl/certs/java/cacerts -Dhttps.proxyHost=proxy -Dhttps.proxyPort=8080 -Dhttp.proxyHost=proxy -Dhttp.proxyPort=8080
To honour the JVM settings for this build a single-use Daemon process will be forked. For more on this, please refer to https://docs.gradle.org/9.3.1/userguide/gradle_daemon.html#sec:disabling_the_daemon in the Gradle documentation.
Daemon will be stopped at the end of the build 

> Configure project :app
WARNING: The option setting 'android.builtInKotlin=false' is deprecated.
The current default is 'true'.
It will be removed in version 10.0 of the Android Gradle plugin.
WARNING: The option setting 'android.newDsl=false' is deprecated.
The current default is 'true'.
It will be removed in version 10.0 of the Android Gradle plugin.
Warning: SDK processing. This version only understands SDK XML versions up to 3 but an SDK XML file of version 4 was encountered. This can happen if you use versions of Android Studio and the command-line tools that were released at different times.

> Task :core:data:preBuild UP-TO-DATE
> Task :core:data:preDebugBuild UP-TO-DATE
> Task :core:data:checkDebugAarMetadata UP-TO-DATE
> Task :core:data:mergeDebugJniLibFolders UP-TO-DATE
> Task :core:data:mergeDebugNativeLibs NO-SOURCE
> Task :core:data:stripDebugDebugSymbols NO-SOURCE
> Task :core:data:copyDebugJniLibsProjectAndLocalJars UP-TO-DATE
> Task :core:domain:checkKotlinGradlePluginConfigurationErrors SKIPPED
> Task :core:domain:compileKotlin UP-TO-DATE
> Task :core:domain:compileJava NO-SOURCE
> Task :core:domain:processResources NO-SOURCE
> Task :core:domain:classes UP-TO-DATE
> Task :core:domain:jar UP-TO-DATE
> Task :importer:checkKotlinGradlePluginConfigurationErrors SKIPPED
> Task :importer:compileKotlin UP-TO-DATE
> Task :importer:compileJava NO-SOURCE
> Task :importer:processResources NO-SOURCE
> Task :importer:classes UP-TO-DATE
> Task :importer:jar UP-TO-DATE
> Task :core:data:checkKotlinGradlePluginConfigurationErrors SKIPPED
> Task :core:data:generateDebugResources UP-TO-DATE
> Task :core:data:packageDebugResources UP-TO-DATE
> Task :core:data:processDebugNavigationResources UP-TO-DATE
> Task :core:data:parseDebugLocalResources UP-TO-DATE
> Task :core:data:generateDebugRFile UP-TO-DATE
> Task :core:data:kspDebugKotlin UP-TO-DATE
> Task :core:data:compileDebugKotlin UP-TO-DATE
> Task :core:data:extractDebugAnnotations UP-TO-DATE
> Task :core:data:extractDeepLinksForAarDebug UP-TO-DATE
> Task :core:data:generateDebugAssets UP-TO-DATE
> Task :core:data:mergeDebugAssets UP-TO-DATE
> Task :core:data:javaPreCompileDebug UP-TO-DATE
> Task :core:data:compileDebugJavaWithJavac UP-TO-DATE
> Task :core:data:transformDebugClassesWithAsm UP-TO-DATE
> Task :core:data:mergeDebugGeneratedProguardFiles UP-TO-DATE
> Task :core:data:mergeDebugConsumerProguardFiles UP-TO-DATE
> Task :core:data:prepareDebugArtProfile UP-TO-DATE
> Task :core:data:prepareLintJarForPublish UP-TO-DATE
> Task :core:data:processDebugManifest UP-TO-DATE
> Task :core:data:processDebugJavaRes UP-TO-DATE
> Task :core:data:mergeDebugJavaResource UP-TO-DATE
> Task :core:data:syncDebugLibJars UP-TO-DATE
> Task :core:data:writeDebugAarMetadata UP-TO-DATE
> Task :core:data:bundleDebugLocalLintAar UP-TO-DATE
> Task :core:reminder:preBuild UP-TO-DATE
> Task :core:reminder:preDebugBuild UP-TO-DATE
> Task :core:reminder:checkDebugAarMetadata UP-TO-DATE
> Task :core:reminder:mergeDebugJniLibFolders UP-TO-DATE
> Task :core:reminder:mergeDebugNativeLibs NO-SOURCE
> Task :core:reminder:stripDebugDebugSymbols NO-SOURCE
> Task :core:reminder:copyDebugJniLibsProjectAndLocalJars UP-TO-DATE
> Task :core:data:bundleLibCompileToJarDebug UP-TO-DATE
> Task :core:reminder:checkKotlinGradlePluginConfigurationErrors SKIPPED
> Task :core:reminder:generateDebugResources UP-TO-DATE
> Task :core:reminder:packageDebugResources UP-TO-DATE
> Task :core:reminder:processDebugNavigationResources UP-TO-DATE
> Task :core:reminder:parseDebugLocalResources UP-TO-DATE
> Task :core:reminder:generateDebugRFile UP-TO-DATE
> Task :core:reminder:kspDebugKotlin UP-TO-DATE
> Task :core:reminder:compileDebugKotlin UP-TO-DATE
> Task :core:reminder:extractDebugAnnotations UP-TO-DATE
> Task :core:reminder:extractDeepLinksForAarDebug UP-TO-DATE
> Task :core:reminder:generateDebugAssets UP-TO-DATE
> Task :core:reminder:mergeDebugAssets UP-TO-DATE
> Task :core:reminder:javaPreCompileDebug UP-TO-DATE
> Task :core:reminder:compileDebugJavaWithJavac UP-TO-DATE
> Task :core:reminder:mergeDebugGeneratedProguardFiles UP-TO-DATE
> Task :core:reminder:mergeDebugConsumerProguardFiles UP-TO-DATE
> Task :core:reminder:prepareDebugArtProfile UP-TO-DATE
> Task :core:reminder:prepareLintJarForPublish UP-TO-DATE
> Task :core:reminder:processDebugManifest UP-TO-DATE
> Task :core:reminder:processDebugJavaRes UP-TO-DATE
> Task :core:reminder:mergeDebugJavaResource UP-TO-DATE
> Task :core:reminder:syncDebugLibJars UP-TO-DATE
> Task :core:reminder:writeDebugAarMetadata UP-TO-DATE
> Task :core:reminder:bundleDebugLocalLintAar UP-TO-DATE
> Task :core:ui:preBuild UP-TO-DATE
> Task :core:ui:preDebugBuild UP-TO-DATE
> Task :core:ui:checkDebugAarMetadata UP-TO-DATE
> Task :core:ui:mergeDebugJniLibFolders UP-TO-DATE
> Task :core:ui:mergeDebugNativeLibs NO-SOURCE
> Task :core:ui:stripDebugDebugSymbols NO-SOURCE
> Task :core:ui:copyDebugJniLibsProjectAndLocalJars UP-TO-DATE
> Task :core:ui:checkKotlinGradlePluginConfigurationErrors SKIPPED
> Task :core:ui:generateDebugResources UP-TO-DATE
> Task :core:ui:packageDebugResources UP-TO-DATE
> Task :core:ui:processDebugNavigationResources UP-TO-DATE
> Task :core:ui:parseDebugLocalResources UP-TO-DATE
> Task :core:ui:generateDebugRFile UP-TO-DATE
> Task :core:ui:compileDebugKotlin UP-TO-DATE
> Task :core:ui:extractDebugAnnotations UP-TO-DATE
> Task :core:ui:extractDeepLinksForAarDebug UP-TO-DATE
> Task :core:ui:generateDebugAssets UP-TO-DATE
> Task :core:ui:mergeDebugAssets UP-TO-DATE
> Task :core:ui:javaPreCompileDebug UP-TO-DATE
> Task :core:ui:compileDebugJavaWithJavac NO-SOURCE
> Task :core:ui:mergeDebugGeneratedProguardFiles UP-TO-DATE
> Task :core:ui:mergeDebugConsumerProguardFiles UP-TO-DATE
> Task :core:ui:prepareDebugArtProfile UP-TO-DATE
> Task :core:ui:prepareLintJarForPublish UP-TO-DATE
> Task :core:ui:processDebugManifest UP-TO-DATE
> Task :core:ui:processDebugJavaRes UP-TO-DATE
> Task :core:ui:mergeDebugJavaResource UP-TO-DATE
> Task :core:ui:syncDebugLibJars UP-TO-DATE
> Task :core:ui:writeDebugAarMetadata UP-TO-DATE
> Task :core:ui:bundleDebugLocalLintAar UP-TO-DATE
> Task :pk-engine:checkKotlinGradlePluginConfigurationErrors SKIPPED
> Task :pk-engine:compileKotlin UP-TO-DATE
> Task :pk-engine:compileJava NO-SOURCE
> Task :pk-engine:processResources UP-TO-DATE
> Task :pk-engine:classes UP-TO-DATE
> Task :pk-engine:jar UP-TO-DATE
> Task :app:checkKotlinGradlePluginConfigurationErrors SKIPPED
> Task :app:preBuild UP-TO-DATE
> Task :app:preFullDebugBuild UP-TO-DATE
> Task :app:generateFullDebugResources UP-TO-DATE
> Task :app:packageFullDebugResources UP-TO-DATE
> Task :app:processFullDebugNavigationResources UP-TO-DATE
> Task :app:parseFullDebugLocalResources UP-TO-DATE
> Task :app:generateFullDebugRFile UP-TO-DATE
> Task :core:reminder:bundleLibCompileToJarDebug UP-TO-DATE
> Task :core:ui:bundleLibCompileToJarDebug UP-TO-DATE
> Task :app:kspFullDebugKotlin UP-TO-DATE
> Task :app:compileFullDebugKotlin UP-TO-DATE
> Task :app:javaPreCompileFullDebug UP-TO-DATE
> Task :app:compileFullDebugJavaWithJavac UP-TO-DATE
> Task :core:reminder:bundleLibRuntimeToJarDebug UP-TO-DATE
> Task :core:reminder:createFullJarDebug UP-TO-DATE
> Task :core:data:bundleLibRuntimeToJarDebug UP-TO-DATE
> Task :core:data:createFullJarDebug UP-TO-DATE
> Task :core:ui:bundleLibRuntimeToJarDebug UP-TO-DATE
> Task :core:ui:createFullJarDebug UP-TO-DATE
> Task :app:checkFullDebugAarMetadata UP-TO-DATE
> Task :app:hiltAggregateDepsFullDebug UP-TO-DATE
> Task :app:hiltJavaCompileFullDebug UP-TO-DATE
> Task :app:mapFullDebugSourceSetPaths UP-TO-DATE
> Task :app:compileFullDebugNavigationResources UP-TO-DATE
> Task :app:mergeFullDebugResources UP-TO-DATE
> Task :app:createFullDebugCompatibleScreenManifests UP-TO-DATE
> Task :app:extractDeepLinksFullDebug UP-TO-DATE
> Task :core:data:extractDeepLinksDebug UP-TO-DATE
> Task :core:reminder:extractDeepLinksDebug UP-TO-DATE
> Task :core:ui:extractDeepLinksDebug UP-TO-DATE
> Task :app:processFullDebugMainManifest UP-TO-DATE
> Task :app:processFullDebugManifest UP-TO-DATE
> Task :app:processFullDebugManifestForPackage UP-TO-DATE
> Task :core:data:mapDebugSourceSetPaths UP-TO-DATE
> Task :core:data:compileDebugLibraryResources UP-TO-DATE
> Task :core:reminder:mapDebugSourceSetPaths UP-TO-DATE
> Task :core:reminder:compileDebugLibraryResources UP-TO-DATE
> Task :core:ui:mapDebugSourceSetPaths UP-TO-DATE
> Task :core:ui:compileDebugLibraryResources UP-TO-DATE
> Task :app:processFullDebugResources UP-TO-DATE
> Task :app:bundleFullDebugClassesToCompileJar UP-TO-DATE
> Task :app:preFullDebugAndroidTestBuild SKIPPED
> Task :core:data:writeDebugLintModelMetadata UP-TO-DATE
> Task :core:reminder:writeDebugLintModelMetadata UP-TO-DATE
> Task :core:ui:writeDebugLintModelMetadata UP-TO-DATE
> Task :app:generateFullDebugAndroidTestLintModel UP-TO-DATE
> Task :app:extractProguardFiles UP-TO-DATE
> Task :core:data:extractProguardFiles UP-TO-DATE
> Task :core:data:generateDebugLintModel UP-TO-DATE
> Task :core:reminder:extractProguardFiles UP-TO-DATE
> Task :core:reminder:generateDebugLintModel UP-TO-DATE
> Task :core:ui:extractProguardFiles UP-TO-DATE
> Task :core:ui:generateDebugLintModel UP-TO-DATE
> Task :app:generateFullDebugLintReportModel UP-TO-DATE
> Task :app:preFullDebugUnitTestBuild UP-TO-DATE
> Task :app:generateFullDebugUnitTestLintModel UP-TO-DATE
> Task :core:data:lintAnalyzeDebug UP-TO-DATE
> Task :core:reminder:lintAnalyzeDebug UP-TO-DATE
> Task :core:ui:lintAnalyzeDebug UP-TO-DATE
> Task :app:lintAnalyzeFullDebugAndroidTest UP-TO-DATE
> Task :app:lintAnalyzeFullDebugUnitTest UP-TO-DATE
> Task :core:data:preDebugAndroidTestBuild UP-TO-DATE
> Task :core:data:generateDebugAndroidTestLintModel UP-TO-DATE
> Task :core:data:preDebugUnitTestBuild UP-TO-DATE
> Task :core:data:generateDebugUnitTestLintModel UP-TO-DATE
> Task :core:data:lintAnalyzeDebugAndroidTest UP-TO-DATE
> Task :core:data:lintAnalyzeDebugUnitTest UP-TO-DATE
> Task :core:reminder:preDebugAndroidTestBuild UP-TO-DATE
> Task :core:reminder:generateDebugAndroidTestLintModel UP-TO-DATE
> Task :core:reminder:preDebugUnitTestBuild UP-TO-DATE
> Task :core:reminder:generateDebugUnitTestLintModel UP-TO-DATE
> Task :core:reminder:lintAnalyzeDebugAndroidTest UP-TO-DATE
> Task :core:reminder:lintAnalyzeDebugUnitTest UP-TO-DATE
> Task :core:ui:preDebugAndroidTestBuild UP-TO-DATE
> Task :core:ui:generateDebugAndroidTestLintModel UP-TO-DATE
> Task :core:ui:preDebugUnitTestBuild UP-TO-DATE
> Task :core:ui:generateDebugUnitTestLintModel UP-TO-DATE
> Task :core:ui:lintAnalyzeDebugAndroidTest UP-TO-DATE
> Task :core:ui:lintAnalyzeDebugUnitTest UP-TO-DATE
> Task :app:lintAnalyzeFullDebug

> Task :app:lintReportFullDebug
Wrote HTML report to file:///tmp/hrt-apk-experiment/test-worktree/app/build/reports/lint-results-fullDebug.html

> Task :app:lintFullDebug

BUILD SUCCESSFUL in 2m 48s
154 actionable tasks: 3 executed, 151 up-to-date
Consider enabling configuration cache to speed up this build: https://docs.gradle.org/9.3.1/userguide/configuration_cache_enabling.html
