N: android=http://schemas.android.com/apk/res/android (line=2)
  E: manifest (line=2)
    A: http://schemas.android.com/apk/res/android:versionCode(0x0101021b)=25
    A: http://schemas.android.com/apk/res/android:versionName(0x0101021c)="0.2.0" (Raw: "0.2.0")
    A: http://schemas.android.com/apk/res/android:compileSdkVersion(0x01010572)=37
    A: http://schemas.android.com/apk/res/android:compileSdkVersionCodename(0x01010573)="17" (Raw: "17")
    A: package="net.plainnotes.app" (Raw: "net.plainnotes.app")
    A: platformBuildVersionCode=37
    A: platformBuildVersionName=17
      E: uses-sdk (line=7)
        A: http://schemas.android.com/apk/res/android:minSdkVersion(0x0101020c)=26
        A: http://schemas.android.com/apk/res/android:targetSdkVersion(0x01010270)=37
      E: uses-permission (line=11)
        A: http://schemas.android.com/apk/res/android:name(0x01010003)="android.permission.RECEIVE_BOOT_COMPLETED" (Raw: "android.permission.RECEIVE_BOOT_COMPLETED")
      E: uses-permission (line=12)
        A: http://schemas.android.com/apk/res/android:name(0x01010003)="android.permission.SCHEDULE_EXACT_ALARM" (Raw: "android.permission.SCHEDULE_EXACT_ALARM")
      E: uses-permission (line=13)
        A: http://schemas.android.com/apk/res/android:name(0x01010003)="android.permission.POST_NOTIFICATIONS" (Raw: "android.permission.POST_NOTIFICATIONS")
      E: uses-permission (line=14)
        A: http://schemas.android.com/apk/res/android:name(0x01010003)="android.permission.USE_BIOMETRIC" (Raw: "android.permission.USE_BIOMETRIC")
      E: uses-permission (line=15)
        A: http://schemas.android.com/apk/res/android:name(0x01010003)="android.permission.USE_FINGERPRINT" (Raw: "android.permission.USE_FINGERPRINT")
      E: uses-permission (line=16)
        A: http://schemas.android.com/apk/res/android:name(0x01010003)="android.permission.WAKE_LOCK" (Raw: "android.permission.WAKE_LOCK")
      E: uses-permission (line=17)
        A: http://schemas.android.com/apk/res/android:name(0x01010003)="android.permission.ACCESS_NETWORK_STATE" (Raw: "android.permission.ACCESS_NETWORK_STATE")
      E: uses-permission (line=18)
        A: http://schemas.android.com/apk/res/android:name(0x01010003)="android.permission.FOREGROUND_SERVICE" (Raw: "android.permission.FOREGROUND_SERVICE")
      E: permission (line=20)
        A: http://schemas.android.com/apk/res/android:name(0x01010003)="net.plainnotes.app.DYNAMIC_RECEIVER_NOT_EXPORTED_PERMISSION" (Raw: "net.plainnotes.app.DYNAMIC_RECEIVER_NOT_EXPORTED_PERMISSION")
        A: http://schemas.android.com/apk/res/android:protectionLevel(0x01010009)=0x00000002
      E: uses-permission (line=24)
        A: http://schemas.android.com/apk/res/android:name(0x01010003)="net.plainnotes.app.DYNAMIC_RECEIVER_NOT_EXPORTED_PERMISSION" (Raw: "net.plainnotes.app.DYNAMIC_RECEIVER_NOT_EXPORTED_PERMISSION")
      E: application (line=26)
        A: http://schemas.android.com/apk/res/android:theme(0x01010000)=@0x7f10010e
        A: http://schemas.android.com/apk/res/android:label(0x01010001)=@0x7f0f0026
        A: http://schemas.android.com/apk/res/android:icon(0x01010002)=@0x7f0d0000
        A: http://schemas.android.com/apk/res/android:name(0x01010003)="net.plainnotes.app.NotesApplication" (Raw: "net.plainnotes.app.NotesApplication")
        A: http://schemas.android.com/apk/res/android:allowBackup(0x01010280)=false
        A: http://schemas.android.com/apk/res/android:supportsRtl(0x010103af)=true
        A: http://schemas.android.com/apk/res/android:extractNativeLibs(0x010104ea)=false
        A: http://schemas.android.com/apk/res/android:fullBackupContent(0x010104eb)=@0x7f120000
        A: http://schemas.android.com/apk/res/android:appComponentFactory(0x0101057a)="androidx.core.app.CoreComponentFactory" (Raw: "androidx.core.app.CoreComponentFactory")
        A: http://schemas.android.com/apk/res/android:dataExtractionRules(0x0101063e)=@0x7f120001
        A: http://schemas.android.com/apk/res/android:localeConfig(0x0101065b)=@0x7f120002
          E: activity (line=38)
            A: http://schemas.android.com/apk/res/android:label(0x01010001)=@0x7f0f0327
            A: http://schemas.android.com/apk/res/android:icon(0x01010002)=@0x7f0d0002
            A: http://schemas.android.com/apk/res/android:name(0x01010003)="net.plainnotes.app.disguise.privatenotes.PrivateNotesActivity" (Raw: "net.plainnotes.app.disguise.privatenotes.PrivateNotesActivity")
            A: http://schemas.android.com/apk/res/android:exported(0x01010010)=false
            A: http://schemas.android.com/apk/res/android:windowSoftInputMode(0x0101022b)=0x00000010
          E: activity (line=45)
            A: http://schemas.android.com/apk/res/android:label(0x01010001)=@0x7f0f0371
            A: http://schemas.android.com/apk/res/android:icon(0x01010002)=@0x7f0d0001
            A: http://schemas.android.com/apk/res/android:name(0x01010003)="net.plainnotes.app.disguise.CalculatorActivity" (Raw: "net.plainnotes.app.disguise.CalculatorActivity")
            A: http://schemas.android.com/apk/res/android:exported(0x01010010)=false
          E: activity-alias (line=51)
            A: http://schemas.android.com/apk/res/android:label(0x01010001)=@0x7f0f0371
            A: http://schemas.android.com/apk/res/android:icon(0x01010002)=@0x7f0d0001
            A: http://schemas.android.com/apk/res/android:name(0x01010003)="net.plainnotes.app.CalculatorLauncher" (Raw: "net.plainnotes.app.CalculatorLauncher")
            A: http://schemas.android.com/apk/res/android:enabled(0x0101000e)=false
            A: http://schemas.android.com/apk/res/android:exported(0x01010010)=true
            A: http://schemas.android.com/apk/res/android:targetActivity(0x01010202)="net.plainnotes.app.disguise.CalculatorActivity" (Raw: "net.plainnotes.app.disguise.CalculatorActivity")
              E: intent-filter (line=58)
                  E: action (line=59)
                    A: http://schemas.android.com/apk/res/android:name(0x01010003)="android.intent.action.MAIN" (Raw: "android.intent.action.MAIN")
                  E: category (line=61)
                    A: http://schemas.android.com/apk/res/android:name(0x01010003)="android.intent.category.LAUNCHER" (Raw: "android.intent.category.LAUNCHER")
          E: activity (line=65)
            A: http://schemas.android.com/apk/res/android:label(0x01010001)=@0x7f0f0376
            A: http://schemas.android.com/apk/res/android:icon(0x01010002)=@0x7f0d0002
            A: http://schemas.android.com/apk/res/android:name(0x01010003)="net.plainnotes.app.disguise.NotesShellActivity" (Raw: "net.plainnotes.app.disguise.NotesShellActivity")
            A: http://schemas.android.com/apk/res/android:exported(0x01010010)=false
            A: http://schemas.android.com/apk/res/android:windowSoftInputMode(0x0101022b)=0x00000010
          E: activity-alias (line=72)
            A: http://schemas.android.com/apk/res/android:label(0x01010001)=@0x7f0f0376
            A: http://schemas.android.com/apk/res/android:icon(0x01010002)=@0x7f0d0002
            A: http://schemas.android.com/apk/res/android:name(0x01010003)="net.plainnotes.app.NotesLauncher" (Raw: "net.plainnotes.app.NotesLauncher")
            A: http://schemas.android.com/apk/res/android:enabled(0x0101000e)=false
            A: http://schemas.android.com/apk/res/android:exported(0x01010010)=true
            A: http://schemas.android.com/apk/res/android:targetActivity(0x01010202)="net.plainnotes.app.disguise.NotesShellActivity" (Raw: "net.plainnotes.app.disguise.NotesShellActivity")
              E: intent-filter (line=79)
                  E: action (line=80)
                    A: http://schemas.android.com/apk/res/android:name(0x01010003)="android.intent.action.MAIN" (Raw: "android.intent.action.MAIN")
                  E: category (line=82)
                    A: http://schemas.android.com/apk/res/android:name(0x01010003)="android.intent.category.LAUNCHER" (Raw: "android.intent.category.LAUNCHER")
          E: provider (line=86)
            A: http://schemas.android.com/apk/res/android:name(0x01010003)="androidx.startup.InitializationProvider" (Raw: "androidx.startup.InitializationProvider")
            A: http://schemas.android.com/apk/res/android:exported(0x01010010)=false
            A: http://schemas.android.com/apk/res/android:authorities(0x01010018)="net.plainnotes.app.androidx-startup" (Raw: "net.plainnotes.app.androidx-startup")
              E: meta-data (line=90)
                A: http://schemas.android.com/apk/res/android:name(0x01010003)="androidx.emoji2.text.EmojiCompatInitializer" (Raw: "androidx.emoji2.text.EmojiCompatInitializer")
                A: http://schemas.android.com/apk/res/android:value(0x01010024)="androidx.startup" (Raw: "androidx.startup")
              E: meta-data (line=93)
                A: http://schemas.android.com/apk/res/android:name(0x01010003)="androidx.lifecycle.ProcessLifecycleInitializer" (Raw: "androidx.lifecycle.ProcessLifecycleInitializer")
                A: http://schemas.android.com/apk/res/android:value(0x01010024)="androidx.startup" (Raw: "androidx.startup")
              E: meta-data (line=96)
                A: http://schemas.android.com/apk/res/android:name(0x01010003)="androidx.profileinstaller.ProfileInstallerInitializer" (Raw: "androidx.profileinstaller.ProfileInstallerInitializer")
                A: http://schemas.android.com/apk/res/android:value(0x01010024)="androidx.startup" (Raw: "androidx.startup")
          E: service (line=101)
            A: http://schemas.android.com/apk/res/android:name(0x01010003)="androidx.appcompat.app.AppLocalesMetadataHolderService" (Raw: "androidx.appcompat.app.AppLocalesMetadataHolderService")
            A: http://schemas.android.com/apk/res/android:enabled(0x0101000e)=false
            A: http://schemas.android.com/apk/res/android:exported(0x01010010)=false
              E: meta-data (line=105)
                A: http://schemas.android.com/apk/res/android:name(0x01010003)="autoStoreLocales" (Raw: "autoStoreLocales")
                A: http://schemas.android.com/apk/res/android:value(0x01010024)=true
          E: activity (line=110)
            A: http://schemas.android.com/apk/res/android:name(0x01010003)="net.plainnotes.app.MainActivity" (Raw: "net.plainnotes.app.MainActivity")
            A: http://schemas.android.com/apk/res/android:exported(0x01010010)=false
            A: http://schemas.android.com/apk/res/android:directBootAware(0x01010505)=false
          E: activity-alias (line=114)
            A: http://schemas.android.com/apk/res/android:label(0x01010001)=@0x7f0f0026
            A: http://schemas.android.com/apk/res/android:icon(0x01010002)=@0x7f0d0000
            A: http://schemas.android.com/apk/res/android:name(0x01010003)="net.plainnotes.app.Launcher" (Raw: "net.plainnotes.app.Launcher")
            A: http://schemas.android.com/apk/res/android:exported(0x01010010)=true
            A: http://schemas.android.com/apk/res/android:targetActivity(0x01010202)="net.plainnotes.app.MainActivity" (Raw: "net.plainnotes.app.MainActivity")
              E: intent-filter (line=120)
                  E: action (line=121)
                    A: http://schemas.android.com/apk/res/android:name(0x01010003)="android.intent.action.MAIN" (Raw: "android.intent.action.MAIN")
                  E: category (line=123)
                    A: http://schemas.android.com/apk/res/android:name(0x01010003)="android.intent.category.LAUNCHER" (Raw: "android.intent.category.LAUNCHER")
          E: receiver (line=127)
            A: http://schemas.android.com/apk/res/android:name(0x01010003)="net.plainnotes.app.reminder.AlarmReceiver" (Raw: "net.plainnotes.app.reminder.AlarmReceiver")
            A: http://schemas.android.com/apk/res/android:exported(0x01010010)=false
            A: http://schemas.android.com/apk/res/android:directBootAware(0x01010505)=true
          E: receiver (line=131)
            A: http://schemas.android.com/apk/res/android:name(0x01010003)="net.plainnotes.app.reminder.SystemReceiver" (Raw: "net.plainnotes.app.reminder.SystemReceiver")
            A: http://schemas.android.com/apk/res/android:exported(0x01010010)=false
            A: http://schemas.android.com/apk/res/android:directBootAware(0x01010505)=true
              E: intent-filter (line=135)
                  E: action (line=136)
                    A: http://schemas.android.com/apk/res/android:name(0x01010003)="android.intent.action.BOOT_COMPLETED" (Raw: "android.intent.action.BOOT_COMPLETED")
                  E: action (line=137)
                    A: http://schemas.android.com/apk/res/android:name(0x01010003)="android.intent.action.LOCKED_BOOT_COMPLETED" (Raw: "android.intent.action.LOCKED_BOOT_COMPLETED")
                  E: action (line=138)
                    A: http://schemas.android.com/apk/res/android:name(0x01010003)="android.intent.action.TIME_SET" (Raw: "android.intent.action.TIME_SET")
                  E: action (line=139)
                    A: http://schemas.android.com/apk/res/android:name(0x01010003)="android.intent.action.TIMEZONE_CHANGED" (Raw: "android.intent.action.TIMEZONE_CHANGED")
                  E: action (line=140)
                    A: http://schemas.android.com/apk/res/android:name(0x01010003)="android.intent.action.MY_PACKAGE_REPLACED" (Raw: "android.intent.action.MY_PACKAGE_REPLACED")
                  E: action (line=141)
                    A: http://schemas.android.com/apk/res/android:name(0x01010003)="android.app.action.SCHEDULE_EXACT_ALARM_PERMISSION_STATE_CHANGED" (Raw: "android.app.action.SCHEDULE_EXACT_ALARM_PERMISSION_STATE_CHANGED")
          E: service (line=145)
            A: http://schemas.android.com/apk/res/android:name(0x01010003)="androidx.work.impl.background.systemalarm.SystemAlarmService" (Raw: "androidx.work.impl.background.systemalarm.SystemAlarmService")
            A: http://schemas.android.com/apk/res/android:enabled(0x0101000e)=@0x7f050002
            A: http://schemas.android.com/apk/res/android:exported(0x01010010)=false
            A: http://schemas.android.com/apk/res/android:directBootAware(0x01010505)=false
          E: service (line=150)
            A: http://schemas.android.com/apk/res/android:name(0x01010003)="androidx.work.impl.background.systemjob.SystemJobService" (Raw: "androidx.work.impl.background.systemjob.SystemJobService")
            A: http://schemas.android.com/apk/res/android:permission(0x01010006)="android.permission.BIND_JOB_SERVICE" (Raw: "android.permission.BIND_JOB_SERVICE")
            A: http://schemas.android.com/apk/res/android:enabled(0x0101000e)=@0x7f050004
            A: http://schemas.android.com/apk/res/android:exported(0x01010010)=true
            A: http://schemas.android.com/apk/res/android:directBootAware(0x01010505)=false
          E: service (line=156)
            A: http://schemas.android.com/apk/res/android:name(0x01010003)="androidx.work.impl.foreground.SystemForegroundService" (Raw: "androidx.work.impl.foreground.SystemForegroundService")
            A: http://schemas.android.com/apk/res/android:enabled(0x0101000e)=@0x7f050003
            A: http://schemas.android.com/apk/res/android:exported(0x01010010)=false
            A: http://schemas.android.com/apk/res/android:directBootAware(0x01010505)=false
          E: receiver (line=162)
            A: http://schemas.android.com/apk/res/android:name(0x01010003)="androidx.work.impl.utils.ForceStopRunnable$BroadcastReceiver" (Raw: "androidx.work.impl.utils.ForceStopRunnable$BroadcastReceiver")
            A: http://schemas.android.com/apk/res/android:enabled(0x0101000e)=true
            A: http://schemas.android.com/apk/res/android:exported(0x01010010)=false
            A: http://schemas.android.com/apk/res/android:directBootAware(0x01010505)=false
          E: receiver (line=167)
            A: http://schemas.android.com/apk/res/android:name(0x01010003)="androidx.work.impl.background.systemalarm.ConstraintProxy$BatteryChargingProxy" (Raw: "androidx.work.impl.background.systemalarm.ConstraintProxy$BatteryChargingProxy")
            A: http://schemas.android.com/apk/res/android:enabled(0x0101000e)=false
            A: http://schemas.android.com/apk/res/android:exported(0x01010010)=false
            A: http://schemas.android.com/apk/res/android:directBootAware(0x01010505)=false
              E: intent-filter (line=172)
                  E: action (line=173)
                    A: http://schemas.android.com/apk/res/android:name(0x01010003)="android.intent.action.ACTION_POWER_CONNECTED" (Raw: "android.intent.action.ACTION_POWER_CONNECTED")
                  E: action (line=174)
                    A: http://schemas.android.com/apk/res/android:name(0x01010003)="android.intent.action.ACTION_POWER_DISCONNECTED" (Raw: "android.intent.action.ACTION_POWER_DISCONNECTED")
          E: receiver (line=177)
            A: http://schemas.android.com/apk/res/android:name(0x01010003)="androidx.work.impl.background.systemalarm.ConstraintProxy$BatteryNotLowProxy" (Raw: "androidx.work.impl.background.systemalarm.ConstraintProxy$BatteryNotLowProxy")
            A: http://schemas.android.com/apk/res/android:enabled(0x0101000e)=false
            A: http://schemas.android.com/apk/res/android:exported(0x01010010)=false
            A: http://schemas.android.com/apk/res/android:directBootAware(0x01010505)=false
              E: intent-filter (line=182)
                  E: action (line=183)
                    A: http://schemas.android.com/apk/res/android:name(0x01010003)="android.intent.action.BATTERY_OKAY" (Raw: "android.intent.action.BATTERY_OKAY")
                  E: action (line=184)
                    A: http://schemas.android.com/apk/res/android:name(0x01010003)="android.intent.action.BATTERY_LOW" (Raw: "android.intent.action.BATTERY_LOW")
          E: receiver (line=187)
            A: http://schemas.android.com/apk/res/android:name(0x01010003)="androidx.work.impl.background.systemalarm.ConstraintProxy$StorageNotLowProxy" (Raw: "androidx.work.impl.background.systemalarm.ConstraintProxy$StorageNotLowProxy")
            A: http://schemas.android.com/apk/res/android:enabled(0x0101000e)=false
            A: http://schemas.android.com/apk/res/android:exported(0x01010010)=false
            A: http://schemas.android.com/apk/res/android:directBootAware(0x01010505)=false
              E: intent-filter (line=192)
                  E: action (line=193)
                    A: http://schemas.android.com/apk/res/android:name(0x01010003)="android.intent.action.DEVICE_STORAGE_LOW" (Raw: "android.intent.action.DEVICE_STORAGE_LOW")
                  E: action (line=194)
                    A: http://schemas.android.com/apk/res/android:name(0x01010003)="android.intent.action.DEVICE_STORAGE_OK" (Raw: "android.intent.action.DEVICE_STORAGE_OK")
          E: receiver (line=197)
            A: http://schemas.android.com/apk/res/android:name(0x01010003)="androidx.work.impl.background.systemalarm.ConstraintProxy$NetworkStateProxy" (Raw: "androidx.work.impl.background.systemalarm.ConstraintProxy$NetworkStateProxy")
            A: http://schemas.android.com/apk/res/android:enabled(0x0101000e)=false
            A: http://schemas.android.com/apk/res/android:exported(0x01010010)=false
            A: http://schemas.android.com/apk/res/android:directBootAware(0x01010505)=false
              E: intent-filter (line=202)
                  E: action (line=203)
                    A: http://schemas.android.com/apk/res/android:name(0x01010003)="android.net.conn.CONNECTIVITY_CHANGE" (Raw: "android.net.conn.CONNECTIVITY_CHANGE")
          E: receiver (line=206)
            A: http://schemas.android.com/apk/res/android:name(0x01010003)="androidx.work.impl.background.systemalarm.RescheduleReceiver" (Raw: "androidx.work.impl.background.systemalarm.RescheduleReceiver")
            A: http://schemas.android.com/apk/res/android:enabled(0x0101000e)=false
            A: http://schemas.android.com/apk/res/android:exported(0x01010010)=false
            A: http://schemas.android.com/apk/res/android:directBootAware(0x01010505)=false
              E: intent-filter (line=211)
                  E: action (line=212)
                    A: http://schemas.android.com/apk/res/android:name(0x01010003)="android.intent.action.BOOT_COMPLETED" (Raw: "android.intent.action.BOOT_COMPLETED")
                  E: action (line=213)
                    A: http://schemas.android.com/apk/res/android:name(0x01010003)="android.intent.action.TIME_SET" (Raw: "android.intent.action.TIME_SET")
                  E: action (line=214)
                    A: http://schemas.android.com/apk/res/android:name(0x01010003)="android.intent.action.TIMEZONE_CHANGED" (Raw: "android.intent.action.TIMEZONE_CHANGED")
          E: receiver (line=217)
            A: http://schemas.android.com/apk/res/android:name(0x01010003)="androidx.work.impl.background.systemalarm.ConstraintProxyUpdateReceiver" (Raw: "androidx.work.impl.background.systemalarm.ConstraintProxyUpdateReceiver")
            A: http://schemas.android.com/apk/res/android:enabled(0x0101000e)=@0x7f050002
            A: http://schemas.android.com/apk/res/android:exported(0x01010010)=false
            A: http://schemas.android.com/apk/res/android:directBootAware(0x01010505)=false
              E: intent-filter (line=222)
                  E: action (line=223)
                    A: http://schemas.android.com/apk/res/android:name(0x01010003)="androidx.work.impl.background.systemalarm.UpdateProxies" (Raw: "androidx.work.impl.background.systemalarm.UpdateProxies")
          E: receiver (line=226)
            A: http://schemas.android.com/apk/res/android:name(0x01010003)="androidx.work.impl.diagnostics.DiagnosticsReceiver" (Raw: "androidx.work.impl.diagnostics.DiagnosticsReceiver")
            A: http://schemas.android.com/apk/res/android:permission(0x01010006)="android.permission.DUMP" (Raw: "android.permission.DUMP")
            A: http://schemas.android.com/apk/res/android:enabled(0x0101000e)=true
            A: http://schemas.android.com/apk/res/android:exported(0x01010010)=true
            A: http://schemas.android.com/apk/res/android:directBootAware(0x01010505)=false
              E: intent-filter (line=232)
                  E: action (line=233)
                    A: http://schemas.android.com/apk/res/android:name(0x01010003)="androidx.work.diagnostics.REQUEST_DIAGNOSTICS" (Raw: "androidx.work.diagnostics.REQUEST_DIAGNOSTICS")
          E: service (line=237)
            A: http://schemas.android.com/apk/res/android:name(0x01010003)="androidx.room.MultiInstanceInvalidationService" (Raw: "androidx.room.MultiInstanceInvalidationService")
            A: http://schemas.android.com/apk/res/android:exported(0x01010010)=false
            A: http://schemas.android.com/apk/res/android:directBootAware(0x01010505)=true
          E: receiver (line=242)
            A: http://schemas.android.com/apk/res/android:name(0x01010003)="androidx.profileinstaller.ProfileInstallReceiver" (Raw: "androidx.profileinstaller.ProfileInstallReceiver")
            A: http://schemas.android.com/apk/res/android:permission(0x01010006)="android.permission.DUMP" (Raw: "android.permission.DUMP")
            A: http://schemas.android.com/apk/res/android:enabled(0x0101000e)=true
            A: http://schemas.android.com/apk/res/android:exported(0x01010010)=true
            A: http://schemas.android.com/apk/res/android:directBootAware(0x01010505)=false
              E: intent-filter (line=248)
                  E: action (line=249)
                    A: http://schemas.android.com/apk/res/android:name(0x01010003)="androidx.profileinstaller.action.INSTALL_PROFILE" (Raw: "androidx.profileinstaller.action.INSTALL_PROFILE")
              E: intent-filter (line=251)
                  E: action (line=252)
                    A: http://schemas.android.com/apk/res/android:name(0x01010003)="androidx.profileinstaller.action.SKIP_FILE" (Raw: "androidx.profileinstaller.action.SKIP_FILE")
              E: intent-filter (line=254)
                  E: action (line=255)
                    A: http://schemas.android.com/apk/res/android:name(0x01010003)="androidx.profileinstaller.action.SAVE_PROFILE" (Raw: "androidx.profileinstaller.action.SAVE_PROFILE")
              E: intent-filter (line=257)
                  E: action (line=258)
                    A: http://schemas.android.com/apk/res/android:name(0x01010003)="androidx.profileinstaller.action.BENCHMARK_OPERATION" (Raw: "androidx.profileinstaller.action.BENCHMARK_OPERATION")
