Picked up JAVA_TOOL_OPTIONS: -Djavax.net.ssl.trustStore=/etc/ssl/certs/java/cacerts
To honour the JVM settings for this build a single-use Daemon process will be forked. For more on this, please refer to https://docs.gradle.org/9.3.1/userguide/gradle_daemon.html#sec:disabling_the_daemon in the Gradle documentation.
Daemon will be stopped at the end of the build 
> Task :core:domain:checkKotlinGradlePluginConfigurationErrors SKIPPED
> Task :core:domain:processResources NO-SOURCE
> Task :core:domain:processTestResources NO-SOURCE
> Task :pk-engine:checkKotlinGradlePluginConfigurationErrors SKIPPED
> Task :core:domain:compileKotlin
> Task :pk-engine:compileKotlin
> Task :core:domain:compileJava NO-SOURCE
> Task :core:domain:classes UP-TO-DATE
> Task :core:domain:jar
> Task :pk-engine:compileJava NO-SOURCE
> Task :pk-engine:processResources
> Task :pk-engine:classes
> Task :pk-engine:jar
> Task :core:domain:compileTestKotlin
> Task :core:domain:compileTestJava NO-SOURCE
> Task :core:domain:testClasses UP-TO-DATE
> Task :pk-engine:compileTestKotlin

> Task :core:domain:test
Picked up JAVA_TOOL_OPTIONS: -Djavax.net.ssl.trustStore=/etc/ssl/certs/java/cacerts

> Task :pk-engine:compileTestJava NO-SOURCE
> Task :pk-engine:processTestResources
> Task :pk-engine:testClasses

> Task :pk-engine:test
Picked up JAVA_TOOL_OPTIONS: -Djavax.net.ssl.trustStore=/etc/ssl/certs/java/cacerts

> Task :importer:checkKotlinGradlePluginConfigurationErrors SKIPPED
> Task :importer:processResources NO-SOURCE
> Task :importer:processTestResources
> Task :importer:compileKotlin
> Task :importer:compileJava NO-SOURCE
> Task :importer:classes UP-TO-DATE
> Task :importer:jar
> Task :importer:compileTestKotlin
> Task :importer:compileTestJava NO-SOURCE
> Task :importer:testClasses

> Task :importer:test
Picked up JAVA_TOOL_OPTIONS: -Djavax.net.ssl.trustStore=/etc/ssl/certs/java/cacerts

BUILD SUCCESSFUL in 1m 35s
15 actionable tasks: 15 executed
Consider enabling configuration cache to speed up this build: https://docs.gradle.org/9.3.1/userguide/configuration_cache_enabling.html
