To honour the JVM settings for this build a single-use Daemon process will be forked. For more on this, please refer to https://docs.gradle.org/9.3.1/userguide/gradle_daemon.html#sec:disabling_the_daemon in the Gradle documentation.
Daemon will be stopped at the end of the build 

> Configure project :app
WARNING: The option setting 'android.builtInKotlin=false' is deprecated.
The current default is 'true'.
It will be removed in version 10.0 of the Android Gradle plugin.
WARNING: The option setting 'android.newDsl=false' is deprecated.
The current default is 'true'.
It will be removed in version 10.0 of the Android Gradle plugin.
Warning: SDK processing. This version only understands SDK XML versions up to 3 but an SDK XML file of version 4 was encountered. This can happen if you use versions of Android Studio and the command-line tools that were released at different times.

> Task :importer:checkKotlinGradlePluginConfigurationErrors SKIPPED
> Task :core:domain:checkKotlinGradlePluginConfigurationErrors SKIPPED
> Task :core:domain:compileKotlin FAILED

FAILURE: Build failed with an exception.

* What went wrong:
Execution failed for task ':core:domain:compileKotlin'.
> Could not resolve all files for configuration ':core:domain:compileClasspath'.
   > Could not resolve org.jetbrains.kotlin:kotlin-stdlib:2.2.20.
     Required by:
         project ':core:domain'
      > Could not resolve org.jetbrains.kotlin:kotlin-stdlib:2.2.20.
         > Could not get resource 'https://dl.google.com/dl/android/maven2/org/jetbrains/kotlin/kotlin-stdlib/2.2.20/kotlin-stdlib-2.2.20.pom'.
            > Could not GET 'https://dl.google.com/dl/android/maven2/org/jetbrains/kotlin/kotlin-stdlib/2.2.20/kotlin-stdlib-2.2.20.pom'.
               > Got SSL handshake exception during request. It might be caused by SSL misconfiguration
                  > (certificate_unknown) PKIX path building failed: sun.security.provider.certpath.SunCertPathBuilderException: unable to find valid certification path to requested target
      > Could not resolve org.jetbrains.kotlin:kotlin-stdlib:2.2.20.
         > Could not get resource 'https://repo.maven.apache.org/maven2/org/jetbrains/kotlin/kotlin-stdlib/2.2.20/kotlin-stdlib-2.2.20.pom'.
            > Could not GET 'https://repo.maven.apache.org/maven2/org/jetbrains/kotlin/kotlin-stdlib/2.2.20/kotlin-stdlib-2.2.20.pom'.
               > Got SSL handshake exception during request. It might be caused by SSL misconfiguration
                  > (certificate_unknown) PKIX path building failed: sun.security.provider.certpath.SunCertPathBuilderException: unable to find valid certification path to requested target

* Try:
> Run with --stacktrace option to get the stack trace.
> Run with --info or --debug option to get more log output.
> Run with --scan to get full insights from a Build Scan (powered by Develocity).
> Get more help at https://help.gradle.org.

BUILD FAILED in 23s
1 actionable task: 1 executed
